Cycle:        0	|| lui $t0, 0x0            | nop                     | nop                     | nop                     | nop                     |
Cycle:        1	|| lui $t0, 0x0            | nop                     | nop                     | nop                     | nop                     |
Cycle:        2	|| lui $t0, 0x0            | nop                     | nop                     | nop                     | nop                     |
Cycle:        3	|| lui $t0, 0x0            | nop                     | nop                     | nop                     | nop                     |
Cycle:        4	|| lui $t0, 0x0            | nop                     | nop                     | nop                     | nop                     |
Cycle:        5	|| lui $t0, 0x0            | nop                     | nop                     | nop                     | nop                     |
Cycle:        6	|| addiu $t0, $t0, 0x4c    | lui $t0, 0x0            | nop                     | nop                     | nop                     |
Cycle:        7	|| lui $t5, 0x0            | addiu $t0, $t0, 0x4c    | lui $t0, 0x0            | nop                     | nop                     |
Cycle:        8	|| addiu $t5, $t5, 0x7c    | lui $t5, 0x0            | addiu $t0, $t0, 0x4c    | lui $t0, 0x0            | nop                     |
Cycle:        9	|| lw $t5, 0($t5)          | addiu $t5, $t5, 0x7c    | lui $t5, 0x0            | addiu $t0, $t0, 0x4c    | lui $t0, 0x0            |
Cycle:       10	|| lw $t5, 0($t5)          | nop                     | addiu $t5, $t5, 0x7c    | lui $t5, 0x0            | addiu $t0, $t0, 0x4c    |
Cycle:       11	|| lw $t5, 0($t5)          | nop                     | nop                     | addiu $t5, $t5, 0x7c    | lui $t5, 0x0            |
Cycle:       12	|| lw $t5, 0($t5)          | nop                     | nop                     | nop                     | addiu $t5, $t5, 0x7c    |
Cycle:       13	|| lw $t5, 0($t5)          | nop                     | nop                     | nop                     | nop                     |
Cycle:       14	|| lw $t5, 0($t5)          | nop                     | nop                     | nop                     | nop                     |
Cycle:       15	|| addiu $t2, $zero, 0x1   | lw $t5, 0($t5)          | nop                     | nop                     | nop                     |
Cycle:       16	|| sw $t2, 0($t0)          | addiu $t2, $zero, 0x1   | lw $t5, 0($t5)          | nop                     | nop                     |
Cycle:       17	|| sw $t2, 4($t0)          | sw $t2, 0($t0)          | addiu $t2, $zero, 0x1   | lw $t5, 0($t5)          | nop                     |
Cycle:       18	|| sw $t2, 4($t0)          | sw $t2, 0($t0)          | addiu $t2, $zero, 0x1   | lw $t5, 0($t5)          | nop                     |
Cycle:       19	|| sw $t2, 4($t0)          | sw $t2, 0($t0)          | addiu $t2, $zero, 0x1   | lw $t5, 0($t5)          | nop                     |
Cycle:       20	|| sw $t2, 4($t0)          | sw $t2, 0($t0)          | addiu $t2, $zero, 0x1   | lw $t5, 0($t5)          | nop                     |
Cycle:       21	|| sw $t2, 4($t0)          | sw $t2, 0($t0)          | addiu $t2, $zero, 0x1   | lw $t5, 0($t5)          | nop                     |
Cycle:       22	|| sw $t2, 4($t0)          | sw $t2, 0($t0)          | addiu $t2, $zero, 0x1   | lw $t5, 0($t5)          | nop                     |
Cycle:       23	|| sw $t2, 4($t0)          | sw $t2, 0($t0)          | addiu $t2, $zero, 0x1   | lw $t5, 0($t5)          | nop                     |
Cycle:       24	|| sw $t2, 4($t0)          | sw $t2, 0($t0)          | addiu $t2, $zero, 0x1   | lw $t5, 0($t5)          | nop                     |
Cycle:       25	|| sw $t2, 4($t0)          | sw $t2, 0($t0)          | addiu $t2, $zero, 0x1   | lw $t5, 0($t5)          | nop                     |
Cycle:       26	|| addi $t1, $t5, 0xfffe   | sw $t2, 4($t0)          | sw $t2, 0($t0)          | addiu $t2, $zero, 0x1   | lw $t5, 0($t5)          |
Cycle:       27	|| addi $t1, $t5, 0xfffe   | nop                     | sw $t2, 4($t0)          | sw $t2, 0($t0)          | addiu $t2, $zero, 0x1   |
Cycle:       28	|| addi $t1, $t5, 0xfffe   | nop                     | sw $t2, 4($t0)          | sw $t2, 0($t0)          | nop                     |
Cycle:       29	|| addi $t1, $t5, 0xfffe   | nop                     | sw $t2, 4($t0)          | sw $t2, 0($t0)          | nop                     |
Cycle:       30	|| addi $t1, $t5, 0xfffe   | nop                     | sw $t2, 4($t0)          | sw $t2, 0($t0)          | nop                     |
Cycle:       31	|| addi $t1, $t5, 0xfffe   | nop                     | sw $t2, 4($t0)          | sw $t2, 0($t0)          | nop                     |
Cycle:       32	|| addi $t1, $t5, 0xfffe   | nop                     | sw $t2, 4($t0)          | sw $t2, 0($t0)          | nop                     |
Cycle:       33	|| addi $t1, $t5, 0xfffe   | nop                     | sw $t2, 4($t0)          | sw $t2, 0($t0)          | nop                     |
Cycle:       34	|| addi $t1, $t5, 0xfffe   | nop                     | sw $t2, 4($t0)          | sw $t2, 0($t0)          | nop                     |
Cycle:       35	|| addi $t1, $t5, 0xfffe   | nop                     | sw $t2, 4($t0)          | sw $t2, 0($t0)          | nop                     |
Cycle:       36	|| lw $t3, 0($t0)          | addi $t1, $t5, 0xfffe   | nop                     | sw $t2, 4($t0)          | sw $t2, 0($t0)          |
Cycle:       37	|| lw $t4, 4($t0)          | lw $t3, 0($t0)          | addi $t1, $t5, 0xfffe   | nop                     | sw $t2, 4($t0)          |
Cycle:       38	|| nop                     | lw $t4, 4($t0)          | lw $t3, 0($t0)          | addi $t1, $t5, 0xfffe   | nop                     |
Cycle:       39	|| add $t2, $t3, $t4       | nop                     | lw $t4, 4($t0)          | lw $t3, 0($t0)          | addi $t1, $t5, 0xfffe   |
Cycle:       40	|| add $t2, $t3, $t4       | nop                     | lw $t4, 4($t0)          | lw $t3, 0($t0)          | nop                     |
Cycle:       41	|| add $t2, $t3, $t4       | nop                     | lw $t4, 4($t0)          | lw $t3, 0($t0)          | nop                     |
Cycle:       42	|| add $t2, $t3, $t4       | nop                     | lw $t4, 4($t0)          | lw $t3, 0($t0)          | nop                     |
Cycle:       43	|| add $t2, $t3, $t4       | nop                     | lw $t4, 4($t0)          | lw $t3, 0($t0)          | nop                     |
Cycle:       44	|| add $t2, $t3, $t4       | nop                     | lw $t4, 4($t0)          | lw $t3, 0($t0)          | nop                     |
Cycle:       45	|| add $t2, $t3, $t4       | nop                     | lw $t4, 4($t0)          | lw $t3, 0($t0)          | nop                     |
Cycle:       46	|| add $t2, $t3, $t4       | nop                     | lw $t4, 4($t0)          | lw $t3, 0($t0)          | nop                     |
Cycle:       47	|| add $t2, $t3, $t4       | nop                     | lw $t4, 4($t0)          | lw $t3, 0($t0)          | nop                     |
Cycle:       48	|| sw $t2, 8($t0)          | add $t2, $t3, $t4       | nop                     | lw $t4, 4($t0)          | lw $t3, 0($t0)          |
Cycle:       49	|| sw $t2, 8($t0)          | add $t2, $t3, $t4       | nop                     | lw $t4, 4($t0)          | nop                     |
Cycle:       50	|| sw $t2, 8($t0)          | add $t2, $t3, $t4       | nop                     | lw $t4, 4($t0)          | nop                     |
Cycle:       51	|| sw $t2, 8($t0)          | add $t2, $t3, $t4       | nop                     | lw $t4, 4($t0)          | nop                     |
Cycle:       52	|| sw $t2, 8($t0)          | add $t2, $t3, $t4       | nop                     | lw $t4, 4($t0)          | nop                     |
Cycle:       53	|| sw $t2, 8($t0)          | add $t2, $t3, $t4       | nop                     | lw $t4, 4($t0)          | nop                     |
Cycle:       54	|| sw $t2, 8($t0)          | add $t2, $t3, $t4       | nop                     | lw $t4, 4($t0)          | nop                     |
Cycle:       55	|| sw $t2, 8($t0)          | add $t2, $t3, $t4       | nop                     | lw $t4, 4($t0)          | nop                     |
Cycle:       56	|| sw $t2, 8($t0)          | add $t2, $t3, $t4       | nop                     | lw $t4, 4($t0)          | nop                     |
Cycle:       57	|| addi $t0, $t0, 0x4      | sw $t2, 8($t0)          | add $t2, $t3, $t4       | nop                     | lw $t4, 4($t0)          |
Cycle:       58	|| addi $t1, $t1, 0xffff   | addi $t0, $t0, 0x4      | sw $t2, 8($t0)          | add $t2, $t3, $t4       | nop                     |
Cycle:       59	|| bgtz $t1, 0xfff8        | addi $t1, $t1, 0xffff   | addi $t0, $t0, 0x4      | sw $t2, 8($t0)          | add $t2, $t3, $t4       |
Cycle:       60	|| bgtz $t1, 0xfff8        | nop                     | addi $t1, $t1, 0xffff   | addi $t0, $t0, 0x4      | sw $t2, 8($t0)          |
Cycle:       61	|| bgtz $t1, 0xfff8        | nop                     | nop                     | addi $t1, $t1, 0xffff   | addi $t0, $t0, 0x4      |
Cycle:       62	|| bgtz $t1, 0xfff8        | nop                     | nop                     | nop                     | addi $t1, $t1, 0xffff   |
Cycle:       63	|| bgtz $t1, 0xfff8        | nop                     | nop                     | nop                     | nop                     |
Cycle:       64	|| bgtz $t1, 0xfff8        | nop                     | nop                     | nop                     | nop                     |
Cycle:       65	|| nop                     | bgtz $t1, 0xfff8        | nop                     | nop                     | nop                     |
Cycle:       66	|| lw $t3, 0($t0)          | nop                     | bgtz $t1, 0xfff8        | nop                     | nop                     |
Cycle:       67	|| lw $t4, 4($t0)          | lw $t3, 0($t0)          | nop                     | bgtz $t1, 0xfff8        | nop                     |
Cycle:       68	|| nop                     | lw $t4, 4($t0)          | lw $t3, 0($t0)          | nop                     | bgtz $t1, 0xfff8        |
Cycle:       69	|| add $t2, $t3, $t4       | nop                     | lw $t4, 4($t0)          | lw $t3, 0($t0)          | nop                     |
Cycle:       70	|| sw $t2, 8($t0)          | add $t2, $t3, $t4       | nop                     | lw $t4, 4($t0)          | lw $t3, 0($t0)          |
Cycle:       71	|| addi $t0, $t0, 0x4      | sw $t2, 8($t0)          | add $t2, $t3, $t4       | nop                     | lw $t4, 4($t0)          |
Cycle:       72	|| addi $t1, $t1, 0xffff   | addi $t0, $t0, 0x4      | sw $t2, 8($t0)          | add $t2, $t3, $t4       | nop                     |
Cycle:       73	|| bgtz $t1, 0xfff8        | addi $t1, $t1, 0xffff   | addi $t0, $t0, 0x4      | sw $t2, 8($t0)          | add $t2, $t3, $t4       |
Cycle:       74	|| nop                     | bgtz $t1, 0xfff8        | addi $t1, $t1, 0xffff   | addi $t0, $t0, 0x4      | sw $t2, 8($t0)          |
Cycle:       75	|| lw $t3, 0($t0)          | nop                     | bgtz $t1, 0xfff8        | addi $t1, $t1, 0xffff   | addi $t0, $t0, 0x4      |
Cycle:       76	|| lw $t4, 4($t0)          | lw $t3, 0($t0)          | nop                     | bgtz $t1, 0xfff8        | addi $t1, $t1, 0xffff   |
Cycle:       77	|| nop                     | lw $t4, 4($t0)          | lw $t3, 0($t0)          | nop                     | bgtz $t1, 0xfff8        |
Cycle:       78	|| add $t2, $t3, $t4       | nop                     | lw $t4, 4($t0)          | lw $t3, 0($t0)          | nop                     |
Cycle:       79	|| sw $t2, 8($t0)          | add $t2, $t3, $t4       | nop                     | lw $t4, 4($t0)          | lw $t3, 0($t0)          |
Cycle:       80	|| addi $t0, $t0, 0x4      | sw $t2, 8($t0)          | add $t2, $t3, $t4       | nop                     | lw $t4, 4($t0)          |
Cycle:       81	|| addi $t1, $t1, 0xffff   | addi $t0, $t0, 0x4      | sw $t2, 8($t0)          | add $t2, $t3, $t4       | nop                     |
Cycle:       82	|| bgtz $t1, 0xfff8        | addi $t1, $t1, 0xffff   | addi $t0, $t0, 0x4      | sw $t2, 8($t0)          | add $t2, $t3, $t4       |
Cycle:       83	|| nop                     | bgtz $t1, 0xfff8        | addi $t1, $t1, 0xffff   | addi $t0, $t0, 0x4      | sw $t2, 8($t0)          |
Cycle:       84	|| lw $t3, 0($t0)          | nop                     | bgtz $t1, 0xfff8        | addi $t1, $t1, 0xffff   | addi $t0, $t0, 0x4      |
Cycle:       85	|| lw $t4, 4($t0)          | lw $t3, 0($t0)          | nop                     | bgtz $t1, 0xfff8        | addi $t1, $t1, 0xffff   |
Cycle:       86	|| nop                     | lw $t4, 4($t0)          | lw $t3, 0($t0)          | nop                     | bgtz $t1, 0xfff8        |
Cycle:       87	|| add $t2, $t3, $t4       | nop                     | lw $t4, 4($t0)          | lw $t3, 0($t0)          | nop                     |
Cycle:       88	|| sw $t2, 8($t0)          | add $t2, $t3, $t4       | nop                     | lw $t4, 4($t0)          | lw $t3, 0($t0)          |
Cycle:       89	|| addi $t0, $t0, 0x4      | sw $t2, 8($t0)          | add $t2, $t3, $t4       | nop                     | lw $t4, 4($t0)          |
Cycle:       90	|| addi $t1, $t1, 0xffff   | addi $t0, $t0, 0x4      | sw $t2, 8($t0)          | add $t2, $t3, $t4       | nop                     |
Cycle:       91	|| bgtz $t1, 0xfff8        | addi $t1, $t1, 0xffff   | addi $t0, $t0, 0x4      | sw $t2, 8($t0)          | add $t2, $t3, $t4       |
Cycle:       92	|| nop                     | bgtz $t1, 0xfff8        | addi $t1, $t1, 0xffff   | addi $t0, $t0, 0x4      | sw $t2, 8($t0)          |
Cycle:       93	|| lw $t3, 0($t0)          | nop                     | bgtz $t1, 0xfff8        | addi $t1, $t1, 0xffff   | addi $t0, $t0, 0x4      |
Cycle:       94	|| lw $t4, 4($t0)          | lw $t3, 0($t0)          | nop                     | bgtz $t1, 0xfff8        | addi $t1, $t1, 0xffff   |
Cycle:       95	|| nop                     | lw $t4, 4($t0)          | lw $t3, 0($t0)          | nop                     | bgtz $t1, 0xfff8        |
Cycle:       96	|| add $t2, $t3, $t4       | nop                     | lw $t4, 4($t0)          | lw $t3, 0($t0)          | nop                     |
Cycle:       97	|| sw $t2, 8($t0)          | add $t2, $t3, $t4       | nop                     | lw $t4, 4($t0)          | lw $t3, 0($t0)          |
Cycle:       98	|| addi $t0, $t0, 0x4      | sw $t2, 8($t0)          | add $t2, $t3, $t4       | nop                     | lw $t4, 4($t0)          |
Cycle:       99	|| addi $t1, $t1, 0xffff   | addi $t0, $t0, 0x4      | sw $t2, 8($t0)          | add $t2, $t3, $t4       | nop                     |
Cycle:      100	|| bgtz $t1, 0xfff8        | addi $t1, $t1, 0xffff   | addi $t0, $t0, 0x4      | sw $t2, 8($t0)          | add $t2, $t3, $t4       |
Cycle:      101	|| nop                     | bgtz $t1, 0xfff8        | addi $t1, $t1, 0xffff   | addi $t0, $t0, 0x4      | sw $t2, 8($t0)          |
Cycle:      102	|| lw $t3, 0($t0)          | nop                     | bgtz $t1, 0xfff8        | addi $t1, $t1, 0xffff   | addi $t0, $t0, 0x4      |
Cycle:      103	|| lw $t4, 4($t0)          | lw $t3, 0($t0)          | nop                     | bgtz $t1, 0xfff8        | addi $t1, $t1, 0xffff   |
Cycle:      104	|| nop                     | lw $t4, 4($t0)          | lw $t3, 0($t0)          | nop                     | bgtz $t1, 0xfff8        |
Cycle:      105	|| add $t2, $t3, $t4       | nop                     | lw $t4, 4($t0)          | lw $t3, 0($t0)          | nop                     |
Cycle:      106	|| sw $t2, 8($t0)          | add $t2, $t3, $t4       | nop                     | lw $t4, 4($t0)          | lw $t3, 0($t0)          |
Cycle:      107	|| addi $t0, $t0, 0x4      | sw $t2, 8($t0)          | add $t2, $t3, $t4       | nop                     | lw $t4, 4($t0)          |
Cycle:      108	|| addi $t1, $t1, 0xffff   | addi $t0, $t0, 0x4      | sw $t2, 8($t0)          | add $t2, $t3, $t4       | nop                     |
Cycle:      109	|| bgtz $t1, 0xfff8        | addi $t1, $t1, 0xffff   | addi $t0, $t0, 0x4      | sw $t2, 8($t0)          | add $t2, $t3, $t4       |
Cycle:      110	|| nop                     | bgtz $t1, 0xfff8        | addi $t1, $t1, 0xffff   | addi $t0, $t0, 0x4      | sw $t2, 8($t0)          |
Cycle:      111	|| lw $t3, 0($t0)          | nop                     | bgtz $t1, 0xfff8        | addi $t1, $t1, 0xffff   | addi $t0, $t0, 0x4      |
Cycle:      112	|| lw $t4, 4($t0)          | lw $t3, 0($t0)          | nop                     | bgtz $t1, 0xfff8        | addi $t1, $t1, 0xffff   |
Cycle:      113	|| nop                     | lw $t4, 4($t0)          | lw $t3, 0($t0)          | nop                     | bgtz $t1, 0xfff8        |
Cycle:      114	|| add $t2, $t3, $t4       | nop                     | lw $t4, 4($t0)          | lw $t3, 0($t0)          | nop                     |
Cycle:      115	|| sw $t2, 8($t0)          | add $t2, $t3, $t4       | nop                     | lw $t4, 4($t0)          | lw $t3, 0($t0)          |
Cycle:      116	|| addi $t0, $t0, 0x4      | sw $t2, 8($t0)          | add $t2, $t3, $t4       | nop                     | lw $t4, 4($t0)          |
Cycle:      117	|| addi $t1, $t1, 0xffff   | addi $t0, $t0, 0x4      | sw $t2, 8($t0)          | add $t2, $t3, $t4       | nop                     |
Cycle:      118	|| bgtz $t1, 0xfff8        | addi $t1, $t1, 0xffff   | addi $t0, $t0, 0x4      | sw $t2, 8($t0)          | add $t2, $t3, $t4       |
Cycle:      119	|| nop                     | bgtz $t1, 0xfff8        | addi $t1, $t1, 0xffff   | addi $t0, $t0, 0x4      | sw $t2, 8($t0)          |
Cycle:      120	|| lw $t3, 0($t0)          | nop                     | bgtz $t1, 0xfff8        | addi $t1, $t1, 0xffff   | addi $t0, $t0, 0x4      |
Cycle:      121	|| lw $t4, 4($t0)          | lw $t3, 0($t0)          | nop                     | bgtz $t1, 0xfff8        | addi $t1, $t1, 0xffff   |
Cycle:      122	|| nop                     | lw $t4, 4($t0)          | lw $t3, 0($t0)          | nop                     | bgtz $t1, 0xfff8        |
Cycle:      123	|| add $t2, $t3, $t4       | nop                     | lw $t4, 4($t0)          | lw $t3, 0($t0)          | nop                     |
Cycle:      124	|| sw $t2, 8($t0)          | add $t2, $t3, $t4       | nop                     | lw $t4, 4($t0)          | lw $t3, 0($t0)          |
Cycle:      125	|| addi $t0, $t0, 0x4      | sw $t2, 8($t0)          | add $t2, $t3, $t4       | nop                     | lw $t4, 4($t0)          |
Cycle:      126	|| addi $t1, $t1, 0xffff   | addi $t0, $t0, 0x4      | sw $t2, 8($t0)          | add $t2, $t3, $t4       | nop                     |
Cycle:      127	|| bgtz $t1, 0xfff8        | addi $t1, $t1, 0xffff   | addi $t0, $t0, 0x4      | sw $t2, 8($t0)          | add $t2, $t3, $t4       |
Cycle:      128	|| nop                     | bgtz $t1, 0xfff8        | addi $t1, $t1, 0xffff   | addi $t0, $t0, 0x4      | sw $t2, 8($t0)          |
Cycle:      129	|| lw $t3, 0($t0)          | nop                     | bgtz $t1, 0xfff8        | addi $t1, $t1, 0xffff   | addi $t0, $t0, 0x4      |
Cycle:      130	|| lw $t4, 4($t0)          | lw $t3, 0($t0)          | nop                     | bgtz $t1, 0xfff8        | addi $t1, $t1, 0xffff   |
Cycle:      131	|| nop                     | lw $t4, 4($t0)          | lw $t3, 0($t0)          | nop                     | bgtz $t1, 0xfff8        |
Cycle:      132	|| add $t2, $t3, $t4       | nop                     | lw $t4, 4($t0)          | lw $t3, 0($t0)          | nop                     |
Cycle:      133	|| sw $t2, 8($t0)          | add $t2, $t3, $t4       | nop                     | lw $t4, 4($t0)          | lw $t3, 0($t0)          |
Cycle:      134	|| addi $t0, $t0, 0x4      | sw $t2, 8($t0)          | add $t2, $t3, $t4       | nop                     | lw $t4, 4($t0)          |
Cycle:      135	|| addi $t1, $t1, 0xffff   | addi $t0, $t0, 0x4      | sw $t2, 8($t0)          | add $t2, $t3, $t4       | nop                     |
Cycle:      136	|| bgtz $t1, 0xfff8        | addi $t1, $t1, 0xffff   | addi $t0, $t0, 0x4      | sw $t2, 8($t0)          | add $t2, $t3, $t4       |
Cycle:      137	|| nop                     | bgtz $t1, 0xfff8        | addi $t1, $t1, 0xffff   | addi $t0, $t0, 0x4      | sw $t2, 8($t0)          |
Cycle:      138	|| lw $t3, 0($t0)          | nop                     | bgtz $t1, 0xfff8        | addi $t1, $t1, 0xffff   | addi $t0, $t0, 0x4      |
Cycle:      139	|| lw $t4, 4($t0)          | lw $t3, 0($t0)          | nop                     | bgtz $t1, 0xfff8        | addi $t1, $t1, 0xffff   |
Cycle:      140	|| nop                     | lw $t4, 4($t0)          | lw $t3, 0($t0)          | nop                     | bgtz $t1, 0xfff8        |
Cycle:      141	|| add $t2, $t3, $t4       | nop                     | lw $t4, 4($t0)          | lw $t3, 0($t0)          | nop                     |
Cycle:      142	|| sw $t2, 8($t0)          | add $t2, $t3, $t4       | nop                     | lw $t4, 4($t0)          | lw $t3, 0($t0)          |
Cycle:      143	|| addi $t0, $t0, 0x4      | sw $t2, 8($t0)          | add $t2, $t3, $t4       | nop                     | lw $t4, 4($t0)          |
Cycle:      144	|| addi $t1, $t1, 0xffff   | addi $t0, $t0, 0x4      | sw $t2, 8($t0)          | add $t2, $t3, $t4       | nop                     |
Cycle:      145	|| bgtz $t1, 0xfff8        | addi $t1, $t1, 0xffff   | addi $t0, $t0, 0x4      | sw $t2, 8($t0)          | add $t2, $t3, $t4       |
Cycle:      146	|| nop                     | bgtz $t1, 0xfff8        | addi $t1, $t1, 0xffff   | addi $t0, $t0, 0x4      | sw $t2, 8($t0)          |
Cycle:      147	|| HALT                    | nop                     | bgtz $t1, 0xfff8        | addi $t1, $t1, 0xffff   | addi $t0, $t0, 0x4      |
Cycle:      148	|| nop                     | HALT                    | nop                     | bgtz $t1, 0xfff8        | addi $t1, $t1, 0xffff   |
Cycle:      149	|| nop                     | nop                     | HALT                    | nop                     | bgtz $t1, 0xfff8        |
Cycle:      150	|| nop                     | nop                     | nop                     | HALT                    | nop                     |
Cycle:      151	|| nop                     | nop                     | nop                     | nop                     | HALT                    |
