Dynamic instructions:  100
Total cycles:          158
I-cache hits:          95
I-cache misses:        5
D-cache hits:          29
D-cache misses:        4
Load-use stalls:       0
