Cycle:        0	|| lui $t0, 0x0            | nop                     | nop                     | nop                     | nop                     |
Cycle:        1	|| lui $t0, 0x0            | nop                     | nop                     | nop                     | nop                     |
Cycle:        2	|| lui $t0, 0x0            | nop                     | nop                     | nop                     | nop                     |
Cycle:        3	|| lui $t0, 0x0            | nop                     | nop                     | nop                     | nop                     |
Cycle:        4	|| lui $t0, 0x0            | nop                     | nop                     | nop                     | nop                     |
Cycle:        5	|| lui $t0, 0x0            | nop                     | nop                     | nop                     | nop                     |
Cycle:        6	|| addiu $t0, $t0, 0x14    | lui $t0, 0x0            | nop                     | nop                     | nop                     |
Cycle:        7	|| lw $zero, 0($t0)        | addiu $t0, $t0, 0x14    | lui $t0, 0x0            | nop                     | nop                     |
Cycle:        8	|| add $t1, $zero, $t2     | lw $zero, 0($t0)        | addiu $t0, $t0, 0x14    | lui $t0, 0x0            | nop                     |
Cycle:        9	|| HALT                    | add $t1, $zero, $t2     | lw $zero, 0($t0)        | addiu $t0, $t0, 0x14    | lui $t0, 0x0            |
Cycle:       10	|| HALT                    | nop                     | add $t1, $zero, $t2     | lw $zero, 0($t0)        | addiu $t0, $t0, 0x14    |
Cycle:       11	|| HALT                    | nop                     | add $t1, $zero, $t2     | lw $zero, 0($t0)        | nop                     |
Cycle:       12	|| HALT                    | nop                     | add $t1, $zero, $t2     | lw $zero, 0($t0)        | nop                     |
Cycle:       13	|| HALT                    | nop                     | add $t1, $zero, $t2     | lw $zero, 0($t0)        | nop                     |
Cycle:       14	|| HALT                    | nop                     | add $t1, $zero, $t2     | lw $zero, 0($t0)        | nop                     |
Cycle:       15	|| HALT                    | nop                     | add $t1, $zero, $t2     | lw $zero, 0($t0)        | nop                     |
Cycle:       16	|| HALT                    | nop                     | add $t1, $zero, $t2     | lw $zero, 0($t0)        | nop                     |
Cycle:       17	|| HALT                    | nop                     | add $t1, $zero, $t2     | lw $zero, 0($t0)        | nop                     |
Cycle:       18	|| HALT                    | nop                     | add $t1, $zero, $t2     | lw $zero, 0($t0)        | nop                     |
Cycle:       19	|| nop                     | HALT                    | nop                     | add $t1, $zero, $t2     | lw $zero, 0($t0)        |
Cycle:       20	|| nop                     | nop                     | HALT                    | nop                     | add $t1, $zero, $t2     |
Cycle:       21	|| nop                     | nop                     | nop                     | HALT                    | nop                     |
Cycle:       22	|| nop                     | nop                     | nop                     | nop                     | HALT                    |
