Cycle:        0	|| lw $t1, 0($t0)          | nop                     | nop                     | nop                     | nop                     |
Cycle:        1	|| lw $t1, 0($t0)          | nop                     | nop                     | nop                     | nop                     |
Cycle:        2	|| lw $t1, 0($t0)          | nop                     | nop                     | nop                     | nop                     |
Cycle:        3	|| lw $t1, 0($t0)          | nop                     | nop                     | nop                     | nop                     |
Cycle:        4	|| lw $t1, 0($t0)          | nop                     | nop                     | nop                     | nop                     |
Cycle:        5	|| lw $t1, 0($t0)          | nop                     | nop                     | nop                     | nop                     |
Cycle:        6	|| lw $t2, 4($t0)          | lw $t1, 0($t0)          | nop                     | nop                     | nop                     |
Cycle:        7	|| beq $t1, $t2, 0xfffd    | lw $t2, 4($t0)          | lw $t1, 0($t0)          | nop                     | nop                     |
Cycle:        8	|| HALT                    | beq $t1, $t2, 0xfffd    | lw $t2, 4($t0)          | lw $t1, 0($t0)          | nop                     |
Cycle:        9	|| HALT                    | beq $t1, $t2, 0xfffd    | lw $t2, 4($t0)          | lw $t1, 0($t0)          | nop                     |
Cycle:       10	|| HALT                    | beq $t1, $t2, 0xfffd    | lw $t2, 4($t0)          | lw $t1, 0($t0)          | nop                     |
Cycle:       11	|| HALT                    | beq $t1, $t2, 0xfffd    | lw $t2, 4($t0)          | lw $t1, 0($t0)          | nop                     |
Cycle:       12	|| HALT                    | beq $t1, $t2, 0xfffd    | lw $t2, 4($t0)          | lw $t1, 0($t0)          | nop                     |
Cycle:       13	|| HALT                    | beq $t1, $t2, 0xfffd    | lw $t2, 4($t0)          | lw $t1, 0($t0)          | nop                     |
Cycle:       14	|| HALT                    | beq $t1, $t2, 0xfffd    | lw $t2, 4($t0)          | lw $t1, 0($t0)          | nop                     |
Cycle:       15	|| HALT                    | beq $t1, $t2, 0xfffd    | lw $t2, 4($t0)          | lw $t1, 0($t0)          | nop                     |
Cycle:       16	|| HALT                    | beq $t1, $t2, 0xfffd    | lw $t2, 4($t0)          | lw $t1, 0($t0)          | nop                     |
Cycle:       17	|| HALT                    | beq $t1, $t2, 0xfffd    | nop                     | lw $t2, 4($t0)          | lw $t1, 0($t0)          |
Cycle:       18	|| HALT                    | beq $t1, $t2, 0xfffd    | nop                     | nop                     | lw $t2, 4($t0)          |
Cycle:       19	|| nop                     | HALT                    | beq $t1, $t2, 0xfffd    | nop                     | nop                     |
Cycle:       20	|| nop                     | nop                     | HALT                    | beq $t1, $t2, 0xfffd    | nop                     |
Cycle:       21	|| nop                     | nop                     | nop                     | HALT                    | beq $t1, $t2, 0xfffd    |
Cycle:       22	|| nop                     | nop                     | nop                     | nop                     | HALT                    |
