Dynamic instructions:  8
Total cycles:          32
I-cache hits:          5
I-cache misses:        3
D-cache hits:          1
D-cache misses:        1
Load-use stalls:       1
