Cycle:        0	|| lui $t0, 0x0            | nop                     | nop                     | nop                     | nop                     |
Cycle:        1	|| lui $t0, 0x0            | nop                     | nop                     | nop                     | nop                     |
Cycle:        2	|| lui $t0, 0x0            | nop                     | nop                     | nop                     | nop                     |
Cycle:        3	|| lui $t0, 0x0            | nop                     | nop                     | nop                     | nop                     |
Cycle:        4	|| lui $t0, 0x0            | nop                     | nop                     | nop                     | nop                     |
Cycle:        5	|| lui $t0, 0x0            | nop                     | nop                     | nop                     | nop                     |
Cycle:        6	|| addiu $t0, $t0, 0x24    | lui $t0, 0x0            | nop                     | nop                     | nop                     |
Cycle:        7	|| lw $t1, 0($t0)          | addiu $t0, $t0, 0x24    | lui $t0, 0x0            | nop                     | nop                     |
Cycle:        8	|| lw $t2, 4($t0)          | lw $t1, 0($t0)          | addiu $t0, $t0, 0x24    | lui $t0, 0x0            | nop                     |
Cycle:        9	|| beq $t1, $t2, 0x2       | lw $t2, 4($t0)          | lw $t1, 0($t0)          | addiu $t0, $t0, 0x24    | lui $t0, 0x0            |
Cycle:       10	|| beq $t1, $t2, 0x2       | nop                     | lw $t2, 4($t0)          | lw $t1, 0($t0)          | addiu $t0, $t0, 0x24    |
Cycle:       11	|| beq $t1, $t2, 0x2       | nop                     | lw $t2, 4($t0)          | lw $t1, 0($t0)          | nop                     |
Cycle:       12	|| beq $t1, $t2, 0x2       | nop                     | lw $t2, 4($t0)          | lw $t1, 0($t0)          | nop                     |
Cycle:       13	|| beq $t1, $t2, 0x2       | nop                     | lw $t2, 4($t0)          | lw $t1, 0($t0)          | nop                     |
Cycle:       14	|| beq $t1, $t2, 0x2       | nop                     | lw $t2, 4($t0)          | lw $t1, 0($t0)          | nop                     |
Cycle:       15	|| beq $t1, $t2, 0x2       | nop                     | lw $t2, 4($t0)          | lw $t1, 0($t0)          | nop                     |
Cycle:       16	|| beq $t1, $t2, 0x2       | nop                     | lw $t2, 4($t0)          | lw $t1, 0($t0)          | nop                     |
Cycle:       17	|| beq $t1, $t2, 0x2       | nop                     | lw $t2, 4($t0)          | lw $t1, 0($t0)          | nop                     |
Cycle:       18	|| beq $t1, $t2, 0x2       | nop                     | lw $t2, 4($t0)          | lw $t1, 0($t0)          | nop                     |
Cycle:       19	|| nop                     | beq $t1, $t2, 0x2       | nop                     | lw $t2, 4($t0)          | lw $t1, 0($t0)          |
Cycle:       20	|| nop                     | beq $t1, $t2, 0x2       | nop                     | nop                     | lw $t2, 4($t0)          |
Cycle:       21	|| sub $t4, $t1, $t2       | nop                     | beq $t1, $t2, 0x2       | nop                     | nop                     |
Cycle:       22	|| HALT                    | sub $t4, $t1, $t2       | nop                     | beq $t1, $t2, 0x2       | nop                     |
Cycle:       23	|| HALT                    | nop                     | sub $t4, $t1, $t2       | nop                     | beq $t1, $t2, 0x2       |
Cycle:       24	|| HALT                    | nop                     | nop                     | sub $t4, $t1, $t2       | nop                     |
Cycle:       25	|| HALT                    | nop                     | nop                     | nop                     | sub $t4, $t1, $t2       |
Cycle:       26	|| HALT                    | nop                     | nop                     | nop                     | nop                     |
Cycle:       27	|| HALT                    | nop                     | nop                     | nop                     | nop                     |
Cycle:       28	|| nop                     | HALT                    | nop                     | nop                     | nop                     |
Cycle:       29	|| nop                     | nop                     | HALT                    | nop                     | nop                     |
Cycle:       30	|| nop                     | nop                     | nop                     | HALT                    | nop                     |
Cycle:       31	|| nop                     | nop                     | nop                     | nop                     | HALT                    |
