Dynamic instructions:  101
Total cycles:          167
I-cache hits:          96
I-cache misses:        5
D-cache hits:          29
D-cache misses:        4
Load-use stalls:       0
