Dynamic instructions:  3
Total cycles:          13
I-cache hits:          2
I-cache misses:        1
D-cache hits:          0
D-cache misses:        0
Load-use stalls:       1
