Dynamic instructions:  6
Total cycles:          22
I-cache hits:          4
I-cache misses:        2
D-cache hits:          0
D-cache misses:        0
Load-use stalls:       1
