Cycle:        0	|| lw $t0, 0($t0)          | nop                     | nop                     | nop                     | nop                     |
Cycle:        1	|| lw $t0, 0($t0)          | nop                     | nop                     | nop                     | nop                     |
Cycle:        2	|| lw $t0, 0($t0)          | nop                     | nop                     | nop                     | nop                     |
Cycle:        3	|| lw $t0, 0($t0)          | nop                     | nop                     | nop                     | nop                     |
Cycle:        4	|| lw $t0, 0($t0)          | nop                     | nop                     | nop                     | nop                     |
Cycle:        5	|| lw $t0, 0($t0)          | nop                     | nop                     | nop                     | nop                     |
Cycle:        6	|| add $t0, $t0, $t0       | lw $t0, 0($t0)          | nop                     | nop                     | nop                     |
Cycle:        7	|| HALT                    | add $t0, $t0, $t0       | lw $t0, 0($t0)          | nop                     | nop                     |
Cycle:        8	|| HALT                    | add $t0, $t0, $t0       | nop                     | lw $t0, 0($t0)          | nop                     |
Cycle:        9	|| nop                     | HALT                    | add $t0, $t0, $t0       | nop                     | lw $t0, 0($t0)          |
Cycle:       10	|| nop                     | nop                     | HALT                    | add $t0, $t0, $t0       | nop                     |
Cycle:       11	|| nop                     | nop                     | nop                     | HALT                    | add $t0, $t0, $t0       |
Cycle:       12	|| nop                     | nop                     | nop                     | nop                     | HALT                    |
