Cycle:        0	|| addi $t2, $t2, 0x3      | nop                     | nop                     | nop                     | nop                     |
Cycle:        1	|| addi $t2, $t2, 0x3      | nop                     | nop                     | nop                     | nop                     |
Cycle:        2	|| addi $t2, $t2, 0x3      | nop                     | nop                     | nop                     | nop                     |
Cycle:        3	|| addi $t2, $t2, 0x3      | nop                     | nop                     | nop                     | nop                     |
Cycle:        4	|| addi $t2, $t2, 0x3      | nop                     | nop                     | nop                     | nop                     |
Cycle:        5	|| addi $t2, $t2, 0x3      | nop                     | nop                     | nop                     | nop                     |
Cycle:        6	|| lw $t0, 0($t1)          | addi $t2, $t2, 0x3      | nop                     | nop                     | nop                     |
Cycle:        7	|| bgtz $t0, 0x0           | lw $t0, 0($t1)          | addi $t2, $t2, 0x3      | nop                     | nop                     |
Cycle:        8	|| bgtz $t0, 0x0           | nop                     | lw $t0, 0($t1)          | addi $t2, $t2, 0x3      | nop                     |
Cycle:        9	|| bgtz $t0, 0x0           | nop                     | nop                     | lw $t0, 0($t1)          | addi $t2, $t2, 0x3      |
Cycle:       10	|| addi $t2, $t2, 0x3      | bgtz $t0, 0x0           | nop                     | nop                     | lw $t0, 0($t1)          |
Cycle:       11	|| addi $t2, $t2, 0x3      | addi $t2, $t2, 0x3      | bgtz $t0, 0x0           | nop                     | nop                     |
Cycle:       12	|| HALT                    | addi $t2, $t2, 0x3      | addi $t2, $t2, 0x3      | bgtz $t0, 0x0           | nop                     |
Cycle:       13	|| HALT                    | nop                     | addi $t2, $t2, 0x3      | addi $t2, $t2, 0x3      | bgtz $t0, 0x0           |
Cycle:       14	|| HALT                    | nop                     | nop                     | addi $t2, $t2, 0x3      | addi $t2, $t2, 0x3      |
Cycle:       15	|| HALT                    | nop                     | nop                     | nop                     | addi $t2, $t2, 0x3      |
Cycle:       16	|| HALT                    | nop                     | nop                     | nop                     | nop                     |
Cycle:       17	|| HALT                    | nop                     | nop                     | nop                     | nop                     |
Cycle:       18	|| nop                     | HALT                    | nop                     | nop                     | nop                     |
Cycle:       19	|| nop                     | nop                     | HALT                    | nop                     | nop                     |
Cycle:       20	|| nop                     | nop                     | nop                     | HALT                    | nop                     |
Cycle:       21	|| nop                     | nop                     | nop                     | nop                     | HALT                    |
