Cycle:        0	|| lw $t0, 0($zero)        | nop                     | nop                     | nop                     | nop                     |
Cycle:        1	|| lw $t0, 0($zero)        | nop                     | nop                     | nop                     | nop                     |
Cycle:        2	|| lw $t0, 0($zero)        | nop                     | nop                     | nop                     | nop                     |
Cycle:        3	|| lw $t0, 0($zero)        | nop                     | nop                     | nop                     | nop                     |
Cycle:        4	|| lw $t0, 0($zero)        | nop                     | nop                     | nop                     | nop                     |
Cycle:        5	|| lw $t0, 0($zero)        | nop                     | nop                     | nop                     | nop                     |
Cycle:        6	|| lw $t0, 0($t0)          | lw $t0, 0($zero)        | nop                     | nop                     | nop                     |
Cycle:        7	|| add $t0, $t0, $t0       | lw $t0, 0($t0)          | lw $t0, 0($zero)        | nop                     | nop                     |
Cycle:        8	|| add $t0, $t0, $t0       | lw $t0, 0($t0)          | nop                     | lw $t0, 0($zero)        | nop                     |
Cycle:        9	|| add $t0, $t0, $t0       | lw $t0, 0($t0)          | nop                     | lw $t0, 0($zero)        | nop                     |
Cycle:       10	|| add $t0, $t0, $t0       | lw $t0, 0($t0)          | nop                     | lw $t0, 0($zero)        | nop                     |
Cycle:       11	|| add $t0, $t0, $t0       | lw $t0, 0($t0)          | nop                     | lw $t0, 0($zero)        | nop                     |
Cycle:       12	|| add $t0, $t0, $t0       | lw $t0, 0($t0)          | nop                     | lw $t0, 0($zero)        | nop                     |
Cycle:       13	|| add $t0, $t0, $t0       | lw $t0, 0($t0)          | nop                     | lw $t0, 0($zero)        | nop                     |
Cycle:       14	|| add $t0, $t0, $t0       | lw $t0, 0($t0)          | nop                     | lw $t0, 0($zero)        | nop                     |
Cycle:       15	|| add $t0, $t0, $t0       | lw $t0, 0($t0)          | nop                     | lw $t0, 0($zero)        | nop                     |
Cycle:       16	|| add $t0, $t0, $t0       | lw $t0, 0($t0)          | nop                     | lw $t0, 0($zero)        | nop                     |
Cycle:       17	|| HALT                    | add $t0, $t0, $t0       | lw $t0, 0($t0)          | nop                     | lw $t0, 0($zero)        |
Cycle:       18	|| HALT                    | add $t0, $t0, $t0       | nop                     | lw $t0, 0($t0)          | nop                     |
Cycle:       19	|| HALT                    | add $t0, $t0, $t0       | nop                     | lw $t0, 0($t0)          | nop                     |
Cycle:       20	|| HALT                    | add $t0, $t0, $t0       | nop                     | lw $t0, 0($t0)          | nop                     |
Cycle:       21	|| HALT                    | add $t0, $t0, $t0       | nop                     | lw $t0, 0($t0)          | nop                     |
Cycle:       22	|| HALT                    | add $t0, $t0, $t0       | nop                     | lw $t0, 0($t0)          | nop                     |
Cycle:       23	|| HALT                    | add $t0, $t0, $t0       | nop                     | lw $t0, 0($t0)          | nop                     |
Cycle:       24	|| HALT                    | add $t0, $t0, $t0       | nop                     | lw $t0, 0($t0)          | nop                     |
Cycle:       25	|| HALT                    | add $t0, $t0, $t0       | nop                     | lw $t0, 0($t0)          | nop                     |
Cycle:       26	|| HALT                    | add $t0, $t0, $t0       | nop                     | lw $t0, 0($t0)          | nop                     |
Cycle:       27	|| nop                     | HALT                    | add $t0, $t0, $t0       | nop                     | lw $t0, 0($t0)          |
Cycle:       28	|| nop                     | nop                     | HALT                    | add $t0, $t0, $t0       | nop                     |
Cycle:       29	|| nop                     | nop                     | nop                     | HALT                    | add $t0, $t0, $t0       |
Cycle:       30	|| nop                     | nop                     | nop                     | nop                     | HALT                    |
