Dynamic instructions:  6
Total cycles:          30
I-cache hits:          4
I-cache misses:        2
D-cache hits:          0
D-cache misses:        1
Load-use stalls:       10
