Cycle:        0	|| lw $t0, 0($t1)          | nop                     | nop                     | nop                     | nop                     |
Cycle:        1	|| lw $t0, 0($t1)          | nop                     | nop                     | nop                     | nop                     |
Cycle:        2	|| lw $t0, 0($t1)          | nop                     | nop                     | nop                     | nop                     |
Cycle:        3	|| lw $t0, 0($t1)          | nop                     | nop                     | nop                     | nop                     |
Cycle:        4	|| lw $t0, 0($t1)          | nop                     | nop                     | nop                     | nop                     |
Cycle:        5	|| lw $t0, 0($t1)          | nop                     | nop                     | nop                     | nop                     |
Cycle:        6	|| add $t2, $t0, $t3       | lw $t0, 0($t1)          | nop                     | nop                     | nop                     |
Cycle:        7	|| beq $t0, $t2, 0x0       | add $t2, $t0, $t3       | lw $t0, 0($t1)          | nop                     | nop                     |
Cycle:        8	|| beq $t0, $t2, 0x0       | add $t2, $t0, $t3       | nop                     | lw $t0, 0($t1)          | nop                     |
Cycle:        9	|| addi $t5, $t5, 0x5      | beq $t0, $t2, 0x0       | add $t2, $t0, $t3       | nop                     | lw $t0, 0($t1)          |
Cycle:       10	|| addi $t5, $t5, 0x5      | beq $t0, $t2, 0x0       | nop                     | add $t2, $t0, $t3       | nop                     |
Cycle:       11	|| addi $t5, $t5, 0x5      | addi $t5, $t5, 0x5      | beq $t0, $t2, 0x0       | nop                     | add $t2, $t0, $t3       |
Cycle:       12	|| HALT                    | addi $t5, $t5, 0x5      | addi $t5, $t5, 0x5      | beq $t0, $t2, 0x0       | nop                     |
Cycle:       13	|| HALT                    | nop                     | addi $t5, $t5, 0x5      | addi $t5, $t5, 0x5      | beq $t0, $t2, 0x0       |
Cycle:       14	|| HALT                    | nop                     | nop                     | addi $t5, $t5, 0x5      | addi $t5, $t5, 0x5      |
Cycle:       15	|| HALT                    | nop                     | nop                     | nop                     | addi $t5, $t5, 0x5      |
Cycle:       16	|| HALT                    | nop                     | nop                     | nop                     | nop                     |
Cycle:       17	|| HALT                    | nop                     | nop                     | nop                     | nop                     |
Cycle:       18	|| nop                     | HALT                    | nop                     | nop                     | nop                     |
Cycle:       19	|| nop                     | nop                     | HALT                    | nop                     | nop                     |
Cycle:       20	|| nop                     | nop                     | nop                     | HALT                    | nop                     |
Cycle:       21	|| nop                     | nop                     | nop                     | nop                     | HALT                    |
