Cycle:        0	|| lui $t0, 0x0            | nop                     | nop                     | nop                     | nop                     |
Cycle:        1	|| lui $t0, 0x0            | nop                     | nop                     | nop                     | nop                     |
Cycle:        2	|| lui $t0, 0x0            | nop                     | nop                     | nop                     | nop                     |
Cycle:        3	|| lui $t0, 0x0            | nop                     | nop                     | nop                     | nop                     |
Cycle:        4	|| lui $t0, 0x0            | nop                     | nop                     | nop                     | nop                     |
Cycle:        5	|| lui $t0, 0x0            | nop                     | nop                     | nop                     | nop                     |
Cycle:        6	|| lw $t0, 20($t0)         | lui $t0, 0x0            | nop                     | nop                     | nop                     |
Cycle:        7	|| addi $t1, $zero, 0x1    | lw $t0, 20($t0)         | lui $t0, 0x0            | nop                     | nop                     |
Cycle:        8	|| add $t2, $t0, $t1       | addi $t1, $zero, 0x1    | lw $t0, 20($t0)         | lui $t0, 0x0            | nop                     |
Cycle:        9	|| nop                     | add $t2, $t0, $t1       | addi $t1, $zero, 0x1    | lw $t0, 20($t0)         | lui $t0, 0x0            |
Cycle:       10	|| nop                     | nop                     | add $t2, $t0, $t1       | addi $t1, $zero, 0x1    | lw $t0, 20($t0)         |
Cycle:       11	|| add $t0, $t0, $t0       | nop                     | nop                     | add $t2, $t0, $t1       | nop                     |
Cycle:       12	|| add $t0, $t0, $t0       | nop                     | nop                     | nop                     | add $t2, $t0, $t1       |
Cycle:       13	|| add $t0, $t0, $t0       | nop                     | nop                     | nop                     | nop                     |
Cycle:       14	|| add $t0, $t0, $t0       | nop                     | nop                     | nop                     | nop                     |
Cycle:       15	|| add $t0, $t0, $t0       | nop                     | nop                     | nop                     | nop                     |
Cycle:       16	|| add $t0, $t0, $t0       | nop                     | nop                     | nop                     | nop                     |
Cycle:       17	|| HALT                    | add $t0, $t0, $t0       | nop                     | nop                     | nop                     |
Cycle:       18	|| nop                     | HALT                    | add $t0, $t0, $t0       | nop                     | nop                     |
Cycle:       19	|| nop                     | nop                     | HALT                    | add $t0, $t0, $t0       | nop                     |
Cycle:       20	|| nop                     | nop                     | nop                     | HALT                    | add $t0, $t0, $t0       |
Cycle:       21	|| nop                     | nop                     | nop                     | nop                     | HALT                    |
