Dynamic instructions:  3
Total cycles:          18
I-cache hits:          0
I-cache misses:        2
D-cache hits:          0
D-cache misses:        0
Load-use stalls:       0
